Archive member included to satisfy reference by file (symbol)

/usr/local/Cellar/arm-none-eabi-gcc/8-2018-q4-major/gcc/bin/../lib/gcc/arm-none-eabi/8.2.1/thumb/v7-m/nofp/libgcc.a(_arm_addsubsf3.o)
                              build/main.o (__aeabi_i2f)
/usr/local/Cellar/arm-none-eabi-gcc/8-2018-q4-major/gcc/bin/../lib/gcc/arm-none-eabi/8.2.1/thumb/v7-m/nofp/libgcc.a(_arm_muldivsf3.o)
                              build/main.o (__aeabi_fmul)
/usr/local/Cellar/arm-none-eabi-gcc/8-2018-q4-major/gcc/bin/../lib/gcc/arm-none-eabi/8.2.1/thumb/v7-m/nofp/libgcc.a(_arm_fixunssfsi.o)
                              build/main.o (__aeabi_f2uiz)
/usr/local/Cellar/arm-none-eabi-gcc/8-2018-q4-major/gcc/bin/../lib/gcc/arm-none-eabi/8.2.1/../../../../arm-none-eabi/lib/thumb/v7-m/nofp/libg.a(lib_a-exit.o)
                              /usr/local/Cellar/arm-none-eabi-gcc/8-2018-q4-major/gcc/bin/../lib/gcc/arm-none-eabi/8.2.1/../../../../arm-none-eabi/lib/thumb/v7-m/nofp/crt0.o (exit)
/usr/local/Cellar/arm-none-eabi-gcc/8-2018-q4-major/gcc/bin/../lib/gcc/arm-none-eabi/8.2.1/../../../../arm-none-eabi/lib/thumb/v7-m/nofp/libg.a(lib_a-impure.o)
                              /usr/local/Cellar/arm-none-eabi-gcc/8-2018-q4-major/gcc/bin/../lib/gcc/arm-none-eabi/8.2.1/../../../../arm-none-eabi/lib/thumb/v7-m/nofp/libg.a(lib_a-exit.o) (_global_impure_ptr)
/usr/local/Cellar/arm-none-eabi-gcc/8-2018-q4-major/gcc/bin/../lib/gcc/arm-none-eabi/8.2.1/../../../../arm-none-eabi/lib/thumb/v7-m/nofp/libg.a(lib_a-init.o)
                              /usr/local/Cellar/arm-none-eabi-gcc/8-2018-q4-major/gcc/bin/../lib/gcc/arm-none-eabi/8.2.1/../../../../arm-none-eabi/lib/thumb/v7-m/nofp/crt0.o (__libc_init_array)
/usr/local/Cellar/arm-none-eabi-gcc/8-2018-q4-major/gcc/bin/../lib/gcc/arm-none-eabi/8.2.1/../../../../arm-none-eabi/lib/thumb/v7-m/nofp/libg.a(lib_a-memset.o)
                              /usr/local/Cellar/arm-none-eabi-gcc/8-2018-q4-major/gcc/bin/../lib/gcc/arm-none-eabi/8.2.1/../../../../arm-none-eabi/lib/thumb/v7-m/nofp/crt0.o (memset)
/usr/local/Cellar/arm-none-eabi-gcc/8-2018-q4-major/gcc/bin/../lib/gcc/arm-none-eabi/8.2.1/../../../../arm-none-eabi/lib/thumb/v7-m/nofp/libg.a(lib_a-__call_atexit.o)
                              /usr/local/Cellar/arm-none-eabi-gcc/8-2018-q4-major/gcc/bin/../lib/gcc/arm-none-eabi/8.2.1/../../../../arm-none-eabi/lib/thumb/v7-m/nofp/libg.a(lib_a-exit.o) (__call_exitprocs)
/usr/local/Cellar/arm-none-eabi-gcc/8-2018-q4-major/gcc/bin/../lib/gcc/arm-none-eabi/8.2.1/../../../../arm-none-eabi/lib/thumb/v7-m/nofp/libg.a(lib_a-atexit.o)
                              /usr/local/Cellar/arm-none-eabi-gcc/8-2018-q4-major/gcc/bin/../lib/gcc/arm-none-eabi/8.2.1/../../../../arm-none-eabi/lib/thumb/v7-m/nofp/libg.a(lib_a-__call_atexit.o) (atexit)
/usr/local/Cellar/arm-none-eabi-gcc/8-2018-q4-major/gcc/bin/../lib/gcc/arm-none-eabi/8.2.1/../../../../arm-none-eabi/lib/thumb/v7-m/nofp/libg.a(lib_a-fini.o)
                              /usr/local/Cellar/arm-none-eabi-gcc/8-2018-q4-major/gcc/bin/../lib/gcc/arm-none-eabi/8.2.1/../../../../arm-none-eabi/lib/thumb/v7-m/nofp/libg.a(lib_a-__call_atexit.o) (__libc_fini_array)
/usr/local/Cellar/arm-none-eabi-gcc/8-2018-q4-major/gcc/bin/../lib/gcc/arm-none-eabi/8.2.1/../../../../arm-none-eabi/lib/thumb/v7-m/nofp/libg.a(lib_a-lock.o)
                              /usr/local/Cellar/arm-none-eabi-gcc/8-2018-q4-major/gcc/bin/../lib/gcc/arm-none-eabi/8.2.1/../../../../arm-none-eabi/lib/thumb/v7-m/nofp/libg.a(lib_a-__call_atexit.o) (__retarget_lock_acquire_recursive)
/usr/local/Cellar/arm-none-eabi-gcc/8-2018-q4-major/gcc/bin/../lib/gcc/arm-none-eabi/8.2.1/../../../../arm-none-eabi/lib/thumb/v7-m/nofp/libg.a(lib_a-__atexit.o)
                              /usr/local/Cellar/arm-none-eabi-gcc/8-2018-q4-major/gcc/bin/../lib/gcc/arm-none-eabi/8.2.1/../../../../arm-none-eabi/lib/thumb/v7-m/nofp/libg.a(lib_a-atexit.o) (__register_exitproc)

Allocating common symbols
Common symbol       size              file

playedpercussion    0x2               build/main.o
__lock___atexit_recursive_mutex
                    0x1               /usr/local/Cellar/arm-none-eabi-gcc/8-2018-q4-major/gcc/bin/../lib/gcc/arm-none-eabi/8.2.1/../../../../arm-none-eabi/lib/thumb/v7-m/nofp/libg.a(lib_a-lock.o)
__lock___arc4random_mutex
                    0x1               /usr/local/Cellar/arm-none-eabi-gcc/8-2018-q4-major/gcc/bin/../lib/gcc/arm-none-eabi/8.2.1/../../../../arm-none-eabi/lib/thumb/v7-m/nofp/libg.a(lib_a-lock.o)
drum_length         0x8               build/main.o
led_state           0xc               build/main.o
volume              0xc               build/main.o
chanused            0xc               build/main.o
__lock___env_recursive_mutex
                    0x1               /usr/local/Cellar/arm-none-eabi-gcc/8-2018-q4-major/gcc/bin/../lib/gcc/arm-none-eabi/8.2.1/../../../../arm-none-eabi/lib/thumb/v7-m/nofp/libg.a(lib_a-lock.o)
__lock___sinit_recursive_mutex
                    0x1               /usr/local/Cellar/arm-none-eabi-gcc/8-2018-q4-major/gcc/bin/../lib/gcc/arm-none-eabi/8.2.1/../../../../arm-none-eabi/lib/thumb/v7-m/nofp/libg.a(lib_a-lock.o)
increment           0x30              build/main.o
__lock___malloc_recursive_mutex
                    0x1               /usr/local/Cellar/arm-none-eabi-gcc/8-2018-q4-major/gcc/bin/../lib/gcc/arm-none-eabi/8.2.1/../../../../arm-none-eabi/lib/thumb/v7-m/nofp/libg.a(lib_a-lock.o)
mididata1           0x3               build/main.o
percussion_counter  0x8               build/main.o
playednotes         0xc               build/main.o
percussionused      0x2               build/main.o
counter             0x30              build/main.o
count3              0x1               build/main.o
expected_count      0x1               build/main.o
note                0xc               build/main.o
lastDebounceTime    0x4               build/main.o
drum_sample         0x8               build/main.o
chanchannel         0xc               build/main.o
midi_ready          0x1               build/main.o
__lock___at_quick_exit_mutex
                    0x1               /usr/local/Cellar/arm-none-eabi-gcc/8-2018-q4-major/gcc/bin/../lib/gcc/arm-none-eabi/8.2.1/../../../../arm-none-eabi/lib/thumb/v7-m/nofp/libg.a(lib_a-lock.o)
manual_sustain      0x1               build/main.o
__lock___dd_hash_mutex
                    0x1               /usr/local/Cellar/arm-none-eabi-gcc/8-2018-q4-major/gcc/bin/../lib/gcc/arm-none-eabi/8.2.1/../../../../arm-none-eabi/lib/thumb/v7-m/nofp/libg.a(lib_a-lock.o)
__lock___tz_mutex   0x1               /usr/local/Cellar/arm-none-eabi-gcc/8-2018-q4-major/gcc/bin/../lib/gcc/arm-none-eabi/8.2.1/../../../../arm-none-eabi/lib/thumb/v7-m/nofp/libg.a(lib_a-lock.o)
millis              0x4               build/main.o
__lock___sfp_recursive_mutex
                    0x1               /usr/local/Cellar/arm-none-eabi-gcc/8-2018-q4-major/gcc/bin/../lib/gcc/arm-none-eabi/8.2.1/../../../../arm-none-eabi/lib/thumb/v7-m/nofp/libg.a(lib_a-lock.o)

Discarded input sections

 .text          0x0000000000000000        0x0 /usr/local/Cellar/arm-none-eabi-gcc/8-2018-q4-major/gcc/bin/../lib/gcc/arm-none-eabi/8.2.1/thumb/v7-m/nofp/crti.o
 .data          0x0000000000000000        0x0 /usr/local/Cellar/arm-none-eabi-gcc/8-2018-q4-major/gcc/bin/../lib/gcc/arm-none-eabi/8.2.1/thumb/v7-m/nofp/crti.o
 .bss           0x0000000000000000        0x0 /usr/local/Cellar/arm-none-eabi-gcc/8-2018-q4-major/gcc/bin/../lib/gcc/arm-none-eabi/8.2.1/thumb/v7-m/nofp/crti.o
 .data          0x0000000000000000        0x4 /usr/local/Cellar/arm-none-eabi-gcc/8-2018-q4-major/gcc/bin/../lib/gcc/arm-none-eabi/8.2.1/thumb/v7-m/nofp/crtbegin.o
 .text          0x0000000000000000       0x74 /usr/local/Cellar/arm-none-eabi-gcc/8-2018-q4-major/gcc/bin/../lib/gcc/arm-none-eabi/8.2.1/../../../../arm-none-eabi/lib/thumb/v7-m/nofp/crt0.o
 .data          0x0000000000000000        0x0 /usr/local/Cellar/arm-none-eabi-gcc/8-2018-q4-major/gcc/bin/../lib/gcc/arm-none-eabi/8.2.1/../../../../arm-none-eabi/lib/thumb/v7-m/nofp/crt0.o
 .bss           0x0000000000000000        0x0 /usr/local/Cellar/arm-none-eabi-gcc/8-2018-q4-major/gcc/bin/../lib/gcc/arm-none-eabi/8.2.1/../../../../arm-none-eabi/lib/thumb/v7-m/nofp/crt0.o
 .ARM.extab     0x0000000000000000        0x0 /usr/local/Cellar/arm-none-eabi-gcc/8-2018-q4-major/gcc/bin/../lib/gcc/arm-none-eabi/8.2.1/../../../../arm-none-eabi/lib/thumb/v7-m/nofp/crt0.o
 .ARM.exidx     0x0000000000000000        0x8 /usr/local/Cellar/arm-none-eabi-gcc/8-2018-q4-major/gcc/bin/../lib/gcc/arm-none-eabi/8.2.1/../../../../arm-none-eabi/lib/thumb/v7-m/nofp/crt0.o
 .ARM.attributes
                0x0000000000000000       0x1b /usr/local/Cellar/arm-none-eabi-gcc/8-2018-q4-major/gcc/bin/../lib/gcc/arm-none-eabi/8.2.1/../../../../arm-none-eabi/lib/thumb/v7-m/nofp/crt0.o
 .text          0x0000000000000000        0x0 build/startup_stm32f10x_md.o
 .data          0x0000000000000000        0x0 build/startup_stm32f10x_md.o
 .bss           0x0000000000000000        0x0 build/startup_stm32f10x_md.o
 .text          0x0000000000000000        0x0 build/system_stm32f10x.o
 .data          0x0000000000000000       0x14 build/system_stm32f10x.o
 .bss           0x0000000000000000        0x0 build/system_stm32f10x.o
 .text.SystemCoreClockUpdate
                0x0000000000000000       0xdc build/system_stm32f10x.o
 .text          0x0000000000000000        0x0 build/main.o
 .data          0x0000000000000000        0x0 /usr/local/Cellar/arm-none-eabi-gcc/8-2018-q4-major/gcc/bin/../lib/gcc/arm-none-eabi/8.2.1/thumb/v7-m/nofp/libgcc.a(_arm_addsubsf3.o)
 .bss           0x0000000000000000        0x0 /usr/local/Cellar/arm-none-eabi-gcc/8-2018-q4-major/gcc/bin/../lib/gcc/arm-none-eabi/8.2.1/thumb/v7-m/nofp/libgcc.a(_arm_addsubsf3.o)
 .data          0x0000000000000000        0x0 /usr/local/Cellar/arm-none-eabi-gcc/8-2018-q4-major/gcc/bin/../lib/gcc/arm-none-eabi/8.2.1/thumb/v7-m/nofp/libgcc.a(_arm_muldivsf3.o)
 .bss           0x0000000000000000        0x0 /usr/local/Cellar/arm-none-eabi-gcc/8-2018-q4-major/gcc/bin/../lib/gcc/arm-none-eabi/8.2.1/thumb/v7-m/nofp/libgcc.a(_arm_muldivsf3.o)
 .data          0x0000000000000000        0x0 /usr/local/Cellar/arm-none-eabi-gcc/8-2018-q4-major/gcc/bin/../lib/gcc/arm-none-eabi/8.2.1/thumb/v7-m/nofp/libgcc.a(_arm_fixunssfsi.o)
 .bss           0x0000000000000000        0x0 /usr/local/Cellar/arm-none-eabi-gcc/8-2018-q4-major/gcc/bin/../lib/gcc/arm-none-eabi/8.2.1/thumb/v7-m/nofp/libgcc.a(_arm_fixunssfsi.o)
 .text          0x0000000000000000        0x0 /usr/local/Cellar/arm-none-eabi-gcc/8-2018-q4-major/gcc/bin/../lib/gcc/arm-none-eabi/8.2.1/../../../../arm-none-eabi/lib/thumb/v7-m/nofp/libg.a(lib_a-exit.o)
 .data          0x0000000000000000        0x0 /usr/local/Cellar/arm-none-eabi-gcc/8-2018-q4-major/gcc/bin/../lib/gcc/arm-none-eabi/8.2.1/../../../../arm-none-eabi/lib/thumb/v7-m/nofp/libg.a(lib_a-exit.o)
 .bss           0x0000000000000000        0x0 /usr/local/Cellar/arm-none-eabi-gcc/8-2018-q4-major/gcc/bin/../lib/gcc/arm-none-eabi/8.2.1/../../../../arm-none-eabi/lib/thumb/v7-m/nofp/libg.a(lib_a-exit.o)
 .text.exit     0x0000000000000000       0x20 /usr/local/Cellar/arm-none-eabi-gcc/8-2018-q4-major/gcc/bin/../lib/gcc/arm-none-eabi/8.2.1/../../../../arm-none-eabi/lib/thumb/v7-m/nofp/libg.a(lib_a-exit.o)
 .debug_frame   0x0000000000000000       0x28 /usr/local/Cellar/arm-none-eabi-gcc/8-2018-q4-major/gcc/bin/../lib/gcc/arm-none-eabi/8.2.1/../../../../arm-none-eabi/lib/thumb/v7-m/nofp/libg.a(lib_a-exit.o)
 .ARM.attributes
                0x0000000000000000       0x2d /usr/local/Cellar/arm-none-eabi-gcc/8-2018-q4-major/gcc/bin/../lib/gcc/arm-none-eabi/8.2.1/../../../../arm-none-eabi/lib/thumb/v7-m/nofp/libg.a(lib_a-exit.o)
 .text          0x0000000000000000        0x0 /usr/local/Cellar/arm-none-eabi-gcc/8-2018-q4-major/gcc/bin/../lib/gcc/arm-none-eabi/8.2.1/../../../../arm-none-eabi/lib/thumb/v7-m/nofp/libg.a(lib_a-impure.o)
 .data          0x0000000000000000        0x0 /usr/local/Cellar/arm-none-eabi-gcc/8-2018-q4-major/gcc/bin/../lib/gcc/arm-none-eabi/8.2.1/../../../../arm-none-eabi/lib/thumb/v7-m/nofp/libg.a(lib_a-impure.o)
 .bss           0x0000000000000000        0x0 /usr/local/Cellar/arm-none-eabi-gcc/8-2018-q4-major/gcc/bin/../lib/gcc/arm-none-eabi/8.2.1/../../../../arm-none-eabi/lib/thumb/v7-m/nofp/libg.a(lib_a-impure.o)
 .data._impure_ptr
                0x0000000000000000        0x4 /usr/local/Cellar/arm-none-eabi-gcc/8-2018-q4-major/gcc/bin/../lib/gcc/arm-none-eabi/8.2.1/../../../../arm-none-eabi/lib/thumb/v7-m/nofp/libg.a(lib_a-impure.o)
 .text          0x0000000000000000        0x0 /usr/local/Cellar/arm-none-eabi-gcc/8-2018-q4-major/gcc/bin/../lib/gcc/arm-none-eabi/8.2.1/../../../../arm-none-eabi/lib/thumb/v7-m/nofp/libg.a(lib_a-init.o)
 .data          0x0000000000000000        0x0 /usr/local/Cellar/arm-none-eabi-gcc/8-2018-q4-major/gcc/bin/../lib/gcc/arm-none-eabi/8.2.1/../../../../arm-none-eabi/lib/thumb/v7-m/nofp/libg.a(lib_a-init.o)
 .bss           0x0000000000000000        0x0 /usr/local/Cellar/arm-none-eabi-gcc/8-2018-q4-major/gcc/bin/../lib/gcc/arm-none-eabi/8.2.1/../../../../arm-none-eabi/lib/thumb/v7-m/nofp/libg.a(lib_a-init.o)
 .text.__libc_init_array
                0x0000000000000000       0x48 /usr/local/Cellar/arm-none-eabi-gcc/8-2018-q4-major/gcc/bin/../lib/gcc/arm-none-eabi/8.2.1/../../../../arm-none-eabi/lib/thumb/v7-m/nofp/libg.a(lib_a-init.o)
 .debug_frame   0x0000000000000000       0x2c /usr/local/Cellar/arm-none-eabi-gcc/8-2018-q4-major/gcc/bin/../lib/gcc/arm-none-eabi/8.2.1/../../../../arm-none-eabi/lib/thumb/v7-m/nofp/libg.a(lib_a-init.o)
 .ARM.attributes
                0x0000000000000000       0x2d /usr/local/Cellar/arm-none-eabi-gcc/8-2018-q4-major/gcc/bin/../lib/gcc/arm-none-eabi/8.2.1/../../../../arm-none-eabi/lib/thumb/v7-m/nofp/libg.a(lib_a-init.o)
 .text          0x0000000000000000        0x0 /usr/local/Cellar/arm-none-eabi-gcc/8-2018-q4-major/gcc/bin/../lib/gcc/arm-none-eabi/8.2.1/../../../../arm-none-eabi/lib/thumb/v7-m/nofp/libg.a(lib_a-memset.o)
 .data          0x0000000000000000        0x0 /usr/local/Cellar/arm-none-eabi-gcc/8-2018-q4-major/gcc/bin/../lib/gcc/arm-none-eabi/8.2.1/../../../../arm-none-eabi/lib/thumb/v7-m/nofp/libg.a(lib_a-memset.o)
 .bss           0x0000000000000000        0x0 /usr/local/Cellar/arm-none-eabi-gcc/8-2018-q4-major/gcc/bin/../lib/gcc/arm-none-eabi/8.2.1/../../../../arm-none-eabi/lib/thumb/v7-m/nofp/libg.a(lib_a-memset.o)
 .text.memset   0x0000000000000000       0xa0 /usr/local/Cellar/arm-none-eabi-gcc/8-2018-q4-major/gcc/bin/../lib/gcc/arm-none-eabi/8.2.1/../../../../arm-none-eabi/lib/thumb/v7-m/nofp/libg.a(lib_a-memset.o)
 .debug_frame   0x0000000000000000       0x38 /usr/local/Cellar/arm-none-eabi-gcc/8-2018-q4-major/gcc/bin/../lib/gcc/arm-none-eabi/8.2.1/../../../../arm-none-eabi/lib/thumb/v7-m/nofp/libg.a(lib_a-memset.o)
 .ARM.attributes
                0x0000000000000000       0x2d /usr/local/Cellar/arm-none-eabi-gcc/8-2018-q4-major/gcc/bin/../lib/gcc/arm-none-eabi/8.2.1/../../../../arm-none-eabi/lib/thumb/v7-m/nofp/libg.a(lib_a-memset.o)
 .text          0x0000000000000000        0x0 /usr/local/Cellar/arm-none-eabi-gcc/8-2018-q4-major/gcc/bin/../lib/gcc/arm-none-eabi/8.2.1/../../../../arm-none-eabi/lib/thumb/v7-m/nofp/libg.a(lib_a-__call_atexit.o)
 .data          0x0000000000000000        0x0 /usr/local/Cellar/arm-none-eabi-gcc/8-2018-q4-major/gcc/bin/../lib/gcc/arm-none-eabi/8.2.1/../../../../arm-none-eabi/lib/thumb/v7-m/nofp/libg.a(lib_a-__call_atexit.o)
 .bss           0x0000000000000000        0x0 /usr/local/Cellar/arm-none-eabi-gcc/8-2018-q4-major/gcc/bin/../lib/gcc/arm-none-eabi/8.2.1/../../../../arm-none-eabi/lib/thumb/v7-m/nofp/libg.a(lib_a-__call_atexit.o)
 .text.__call_exitprocs
                0x0000000000000000       0xb0 /usr/local/Cellar/arm-none-eabi-gcc/8-2018-q4-major/gcc/bin/../lib/gcc/arm-none-eabi/8.2.1/../../../../arm-none-eabi/lib/thumb/v7-m/nofp/libg.a(lib_a-__call_atexit.o)
 .text          0x0000000000000000        0x0 /usr/local/Cellar/arm-none-eabi-gcc/8-2018-q4-major/gcc/bin/../lib/gcc/arm-none-eabi/8.2.1/../../../../arm-none-eabi/lib/thumb/v7-m/nofp/libg.a(lib_a-atexit.o)
 .data          0x0000000000000000        0x0 /usr/local/Cellar/arm-none-eabi-gcc/8-2018-q4-major/gcc/bin/../lib/gcc/arm-none-eabi/8.2.1/../../../../arm-none-eabi/lib/thumb/v7-m/nofp/libg.a(lib_a-atexit.o)
 .bss           0x0000000000000000        0x0 /usr/local/Cellar/arm-none-eabi-gcc/8-2018-q4-major/gcc/bin/../lib/gcc/arm-none-eabi/8.2.1/../../../../arm-none-eabi/lib/thumb/v7-m/nofp/libg.a(lib_a-atexit.o)
 .text          0x0000000000000000        0x0 /usr/local/Cellar/arm-none-eabi-gcc/8-2018-q4-major/gcc/bin/../lib/gcc/arm-none-eabi/8.2.1/../../../../arm-none-eabi/lib/thumb/v7-m/nofp/libg.a(lib_a-fini.o)
 .data          0x0000000000000000        0x0 /usr/local/Cellar/arm-none-eabi-gcc/8-2018-q4-major/gcc/bin/../lib/gcc/arm-none-eabi/8.2.1/../../../../arm-none-eabi/lib/thumb/v7-m/nofp/libg.a(lib_a-fini.o)
 .bss           0x0000000000000000        0x0 /usr/local/Cellar/arm-none-eabi-gcc/8-2018-q4-major/gcc/bin/../lib/gcc/arm-none-eabi/8.2.1/../../../../arm-none-eabi/lib/thumb/v7-m/nofp/libg.a(lib_a-fini.o)
 .text          0x0000000000000000        0x0 /usr/local/Cellar/arm-none-eabi-gcc/8-2018-q4-major/gcc/bin/../lib/gcc/arm-none-eabi/8.2.1/../../../../arm-none-eabi/lib/thumb/v7-m/nofp/libg.a(lib_a-lock.o)
 .data          0x0000000000000000        0x0 /usr/local/Cellar/arm-none-eabi-gcc/8-2018-q4-major/gcc/bin/../lib/gcc/arm-none-eabi/8.2.1/../../../../arm-none-eabi/lib/thumb/v7-m/nofp/libg.a(lib_a-lock.o)
 .bss           0x0000000000000000        0x0 /usr/local/Cellar/arm-none-eabi-gcc/8-2018-q4-major/gcc/bin/../lib/gcc/arm-none-eabi/8.2.1/../../../../arm-none-eabi/lib/thumb/v7-m/nofp/libg.a(lib_a-lock.o)
 .text.__retarget_lock_init
                0x0000000000000000        0x4 /usr/local/Cellar/arm-none-eabi-gcc/8-2018-q4-major/gcc/bin/../lib/gcc/arm-none-eabi/8.2.1/../../../../arm-none-eabi/lib/thumb/v7-m/nofp/libg.a(lib_a-lock.o)
 .text.__retarget_lock_init_recursive
                0x0000000000000000        0x4 /usr/local/Cellar/arm-none-eabi-gcc/8-2018-q4-major/gcc/bin/../lib/gcc/arm-none-eabi/8.2.1/../../../../arm-none-eabi/lib/thumb/v7-m/nofp/libg.a(lib_a-lock.o)
 .text.__retarget_lock_close
                0x0000000000000000        0x4 /usr/local/Cellar/arm-none-eabi-gcc/8-2018-q4-major/gcc/bin/../lib/gcc/arm-none-eabi/8.2.1/../../../../arm-none-eabi/lib/thumb/v7-m/nofp/libg.a(lib_a-lock.o)
 .text.__retarget_lock_close_recursive
                0x0000000000000000        0x4 /usr/local/Cellar/arm-none-eabi-gcc/8-2018-q4-major/gcc/bin/../lib/gcc/arm-none-eabi/8.2.1/../../../../arm-none-eabi/lib/thumb/v7-m/nofp/libg.a(lib_a-lock.o)
 .text.__retarget_lock_acquire
                0x0000000000000000        0x4 /usr/local/Cellar/arm-none-eabi-gcc/8-2018-q4-major/gcc/bin/../lib/gcc/arm-none-eabi/8.2.1/../../../../arm-none-eabi/lib/thumb/v7-m/nofp/libg.a(lib_a-lock.o)
 .text.__retarget_lock_try_acquire
                0x0000000000000000        0x4 /usr/local/Cellar/arm-none-eabi-gcc/8-2018-q4-major/gcc/bin/../lib/gcc/arm-none-eabi/8.2.1/../../../../arm-none-eabi/lib/thumb/v7-m/nofp/libg.a(lib_a-lock.o)
 .text.__retarget_lock_try_acquire_recursive
                0x0000000000000000        0x4 /usr/local/Cellar/arm-none-eabi-gcc/8-2018-q4-major/gcc/bin/../lib/gcc/arm-none-eabi/8.2.1/../../../../arm-none-eabi/lib/thumb/v7-m/nofp/libg.a(lib_a-lock.o)
 .text.__retarget_lock_release
                0x0000000000000000        0x4 /usr/local/Cellar/arm-none-eabi-gcc/8-2018-q4-major/gcc/bin/../lib/gcc/arm-none-eabi/8.2.1/../../../../arm-none-eabi/lib/thumb/v7-m/nofp/libg.a(lib_a-lock.o)
 .text          0x0000000000000000        0x0 /usr/local/Cellar/arm-none-eabi-gcc/8-2018-q4-major/gcc/bin/../lib/gcc/arm-none-eabi/8.2.1/../../../../arm-none-eabi/lib/thumb/v7-m/nofp/libg.a(lib_a-__atexit.o)
 .data          0x0000000000000000        0x0 /usr/local/Cellar/arm-none-eabi-gcc/8-2018-q4-major/gcc/bin/../lib/gcc/arm-none-eabi/8.2.1/../../../../arm-none-eabi/lib/thumb/v7-m/nofp/libg.a(lib_a-__atexit.o)
 .bss           0x0000000000000000        0x0 /usr/local/Cellar/arm-none-eabi-gcc/8-2018-q4-major/gcc/bin/../lib/gcc/arm-none-eabi/8.2.1/../../../../arm-none-eabi/lib/thumb/v7-m/nofp/libg.a(lib_a-__atexit.o)
 .text          0x0000000000000000        0x0 /usr/local/Cellar/arm-none-eabi-gcc/8-2018-q4-major/gcc/bin/../lib/gcc/arm-none-eabi/8.2.1/thumb/v7-m/nofp/crtend.o
 .data          0x0000000000000000        0x0 /usr/local/Cellar/arm-none-eabi-gcc/8-2018-q4-major/gcc/bin/../lib/gcc/arm-none-eabi/8.2.1/thumb/v7-m/nofp/crtend.o
 .bss           0x0000000000000000        0x0 /usr/local/Cellar/arm-none-eabi-gcc/8-2018-q4-major/gcc/bin/../lib/gcc/arm-none-eabi/8.2.1/thumb/v7-m/nofp/crtend.o
 .eh_frame      0x0000000000000000        0x4 /usr/local/Cellar/arm-none-eabi-gcc/8-2018-q4-major/gcc/bin/../lib/gcc/arm-none-eabi/8.2.1/thumb/v7-m/nofp/crtend.o
 .ARM.attributes
                0x0000000000000000       0x2d /usr/local/Cellar/arm-none-eabi-gcc/8-2018-q4-major/gcc/bin/../lib/gcc/arm-none-eabi/8.2.1/thumb/v7-m/nofp/crtend.o
 .text          0x0000000000000000        0x0 /usr/local/Cellar/arm-none-eabi-gcc/8-2018-q4-major/gcc/bin/../lib/gcc/arm-none-eabi/8.2.1/thumb/v7-m/nofp/crtn.o
 .data          0x0000000000000000        0x0 /usr/local/Cellar/arm-none-eabi-gcc/8-2018-q4-major/gcc/bin/../lib/gcc/arm-none-eabi/8.2.1/thumb/v7-m/nofp/crtn.o
 .bss           0x0000000000000000        0x0 /usr/local/Cellar/arm-none-eabi-gcc/8-2018-q4-major/gcc/bin/../lib/gcc/arm-none-eabi/8.2.1/thumb/v7-m/nofp/crtn.o

Memory Configuration

Name             Origin             Length             Attributes
rom              0x0000000008000000 0x0000000000020000 xr
ram              0x0000000020000000 0x0000000000005000 xrw
*default*        0x0000000000000000 0xffffffffffffffff

Linker script and memory map

LOAD /usr/local/Cellar/arm-none-eabi-gcc/8-2018-q4-major/gcc/bin/../lib/gcc/arm-none-eabi/8.2.1/thumb/v7-m/nofp/crti.o
LOAD /usr/local/Cellar/arm-none-eabi-gcc/8-2018-q4-major/gcc/bin/../lib/gcc/arm-none-eabi/8.2.1/thumb/v7-m/nofp/crtbegin.o
LOAD /usr/local/Cellar/arm-none-eabi-gcc/8-2018-q4-major/gcc/bin/../lib/gcc/arm-none-eabi/8.2.1/../../../../arm-none-eabi/lib/thumb/v7-m/nofp/crt0.o
LOAD build/startup_stm32f10x_md.o
LOAD build/system_stm32f10x.o
LOAD build/main.o
LOAD /usr/local/Cellar/arm-none-eabi-gcc/8-2018-q4-major/gcc/bin/../lib/gcc/arm-none-eabi/8.2.1/../../../../arm-none-eabi/lib/thumb/v7-m/nofp/libm.a
START GROUP
LOAD /usr/local/Cellar/arm-none-eabi-gcc/8-2018-q4-major/gcc/bin/../lib/gcc/arm-none-eabi/8.2.1/thumb/v7-m/nofp/libgcc.a
LOAD /usr/local/Cellar/arm-none-eabi-gcc/8-2018-q4-major/gcc/bin/../lib/gcc/arm-none-eabi/8.2.1/../../../../arm-none-eabi/lib/thumb/v7-m/nofp/libg.a
LOAD /usr/local/Cellar/arm-none-eabi-gcc/8-2018-q4-major/gcc/bin/../lib/gcc/arm-none-eabi/8.2.1/../../../../arm-none-eabi/lib/thumb/v7-m/nofp/libc.a
END GROUP
LOAD /usr/local/Cellar/arm-none-eabi-gcc/8-2018-q4-major/gcc/bin/../lib/gcc/arm-none-eabi/8.2.1/thumb/v7-m/nofp/crtend.o
LOAD /usr/local/Cellar/arm-none-eabi-gcc/8-2018-q4-major/gcc/bin/../lib/gcc/arm-none-eabi/8.2.1/thumb/v7-m/nofp/crtn.o
                0x0000000020005000                _eram = 0x20005000

.text           0x0000000008000000    0x152f8
 *(.isr_vector)
 .isr_vector    0x0000000008000000      0x10c build/startup_stm32f10x_md.o
                0x0000000008000000                g_pfnVectors
 *(.text*)
 .text          0x000000000800010c       0x40 /usr/local/Cellar/arm-none-eabi-gcc/8-2018-q4-major/gcc/bin/../lib/gcc/arm-none-eabi/8.2.1/thumb/v7-m/nofp/crtbegin.o
 .text.Default_Reset_Handler
                0x000000000800014c       0x60 build/startup_stm32f10x_md.o
                0x000000000800014c                Reset_Handler
                0x000000000800014c                Default_Reset_Handler
 .text.Default_Handler
                0x00000000080001ac        0x6 build/startup_stm32f10x_md.o
                0x00000000080001ac                USBWakeUp_IRQHandler
                0x00000000080001ac                DebugMon_Handler
                0x00000000080001ac                TIM1_CC_IRQHandler
                0x00000000080001ac                HardFault_Handler
                0x00000000080001ac                SysTick_Handler
                0x00000000080001ac                PVD_IRQHandler
                0x00000000080001ac                PendSV_Handler
                0x00000000080001ac                NMI_Handler
                0x00000000080001ac                EXTI3_IRQHandler
                0x00000000080001ac                EXTI0_IRQHandler
                0x00000000080001ac                I2C2_EV_IRQHandler
                0x00000000080001ac                UsageFault_Handler
                0x00000000080001ac                ADC1_2_IRQHandler
                0x00000000080001ac                SPI1_IRQHandler
                0x00000000080001ac                TAMPER_IRQHandler
                0x00000000080001ac                DMA1_Channel4_IRQHandler
                0x00000000080001ac                USART3_IRQHandler
                0x00000000080001ac                RTC_IRQHandler
                0x00000000080001ac                DMA1_Channel7_IRQHandler
                0x00000000080001ac                CAN1_RX1_IRQHandler
                0x00000000080001ac                TIM4_IRQHandler
                0x00000000080001ac                I2C1_EV_IRQHandler
                0x00000000080001ac                DMA1_Channel6_IRQHandler
                0x00000000080001ac                RCC_IRQHandler
                0x00000000080001ac                TIM1_TRG_COM_IRQHandler
                0x00000000080001ac                DMA1_Channel1_IRQHandler
                0x00000000080001ac                EXTI15_10_IRQHandler
                0x00000000080001ac                EXTI9_5_IRQHandler
                0x00000000080001ac                SPI2_IRQHandler
                0x00000000080001ac                MemManage_Handler
                0x00000000080001ac                SVC_Handler
                0x00000000080001ac                DMA1_Channel5_IRQHandler
                0x00000000080001ac                USB_LP_CAN1_RX0_IRQHandler
                0x00000000080001ac                USB_HP_CAN1_TX_IRQHandler
                0x00000000080001ac                DMA1_Channel3_IRQHandler
                0x00000000080001ac                WWDG_IRQHandler
                0x00000000080001ac                TIM2_IRQHandler
                0x00000000080001ac                TIM1_BRK_IRQHandler
                0x00000000080001ac                EXTI1_IRQHandler
                0x00000000080001ac                RTCAlarm_IRQHandler
                0x00000000080001ac                USART2_IRQHandler
                0x00000000080001ac                I2C2_ER_IRQHandler
                0x00000000080001ac                DMA1_Channel2_IRQHandler
                0x00000000080001ac                CAN1_SCE_IRQHandler
                0x00000000080001ac                FLASH_IRQHandler
                0x00000000080001ac                BusFault_Handler
                0x00000000080001ac                I2C1_ER_IRQHandler
                0x00000000080001ac                EXTI2_IRQHandler
 *fill*         0x00000000080001b2        0x2 
 .text.SystemInit
                0x00000000080001b4       0x68 build/system_stm32f10x.o
                0x00000000080001b4                SystemInit
 .text.SetSysClock
                0x000000000800021c        0xc build/system_stm32f10x.o
 .text.SetSysClockTo72
                0x0000000008000228      0x100 build/system_stm32f10x.o
 .text.NVIC_EnableIRQ
                0x0000000008000328       0x30 build/main.o
 .text.NVIC_SetPriority
                0x0000000008000358       0x54 build/main.o
 .text.handlechans
                0x00000000080003ac      0x1a8 build/main.o
                0x00000000080003ac                handlechans
 .text.handlepercussion
                0x0000000008000554      0x45c build/main.o
                0x0000000008000554                handlepercussion
 .text.main     0x00000000080009b0      0x4e0 build/main.o
                0x00000000080009b0                main
 .text.EXTI4_IRQHandler
                0x0000000008000e90       0x80 build/main.o
                0x0000000008000e90                EXTI4_IRQHandler
 .text.USART1_IRQHandler
                0x0000000008000f10       0xa4 build/main.o
                0x0000000008000f10                USART1_IRQHandler
 .text.TIM1_UP_IRQHandler
                0x0000000008000fb4      0x1a4 build/main.o
                0x0000000008000fb4                TIM1_UP_IRQHandler
 .text.TIM3_IRQHandler
                0x0000000008001158      0x124 build/main.o
                0x0000000008001158                TIM3_IRQHandler
 .text          0x000000000800127c      0x21c /usr/local/Cellar/arm-none-eabi-gcc/8-2018-q4-major/gcc/bin/../lib/gcc/arm-none-eabi/8.2.1/thumb/v7-m/nofp/libgcc.a(_arm_addsubsf3.o)
                0x000000000800127c                __aeabi_frsub
                0x0000000008001284                __aeabi_fsub
                0x0000000008001284                __subsf3
                0x0000000008001288                __aeabi_fadd
                0x0000000008001288                __addsf3
                0x00000000080013e8                __aeabi_ui2f
                0x00000000080013e8                __floatunsisf
                0x00000000080013f0                __floatsisf
                0x00000000080013f0                __aeabi_i2f
                0x000000000800140c                __aeabi_ul2f
                0x000000000800140c                __floatundisf
                0x000000000800141c                __aeabi_l2f
                0x000000000800141c                __floatdisf
 .text          0x0000000008001498      0x2a0 /usr/local/Cellar/arm-none-eabi-gcc/8-2018-q4-major/gcc/bin/../lib/gcc/arm-none-eabi/8.2.1/thumb/v7-m/nofp/libgcc.a(_arm_muldivsf3.o)
                0x0000000008001498                __mulsf3
                0x0000000008001498                __aeabi_fmul
                0x0000000008001600                __divsf3
                0x0000000008001600                __aeabi_fdiv
 .text          0x0000000008001738       0x40 /usr/local/Cellar/arm-none-eabi-gcc/8-2018-q4-major/gcc/bin/../lib/gcc/arm-none-eabi/8.2.1/thumb/v7-m/nofp/libgcc.a(_arm_fixunssfsi.o)
                0x0000000008001738                __aeabi_f2uiz
                0x0000000008001738                __fixunssfsi
 .text.startup.register_fini
                0x0000000008001778       0x14 /usr/local/Cellar/arm-none-eabi-gcc/8-2018-q4-major/gcc/bin/../lib/gcc/arm-none-eabi/8.2.1/../../../../arm-none-eabi/lib/thumb/v7-m/nofp/libg.a(lib_a-__call_atexit.o)
 .text.atexit   0x000000000800178c        0xc /usr/local/Cellar/arm-none-eabi-gcc/8-2018-q4-major/gcc/bin/../lib/gcc/arm-none-eabi/8.2.1/../../../../arm-none-eabi/lib/thumb/v7-m/nofp/libg.a(lib_a-atexit.o)
                0x000000000800178c                atexit
 .text.__libc_fini_array
                0x0000000008001798       0x34 /usr/local/Cellar/arm-none-eabi-gcc/8-2018-q4-major/gcc/bin/../lib/gcc/arm-none-eabi/8.2.1/../../../../arm-none-eabi/lib/thumb/v7-m/nofp/libg.a(lib_a-fini.o)
                0x0000000008001798                __libc_fini_array
 .text.__retarget_lock_acquire_recursive
                0x00000000080017cc        0x4 /usr/local/Cellar/arm-none-eabi-gcc/8-2018-q4-major/gcc/bin/../lib/gcc/arm-none-eabi/8.2.1/../../../../arm-none-eabi/lib/thumb/v7-m/nofp/libg.a(lib_a-lock.o)
                0x00000000080017cc                __retarget_lock_acquire_recursive
 .text.__retarget_lock_release_recursive
                0x00000000080017d0        0x4 /usr/local/Cellar/arm-none-eabi-gcc/8-2018-q4-major/gcc/bin/../lib/gcc/arm-none-eabi/8.2.1/../../../../arm-none-eabi/lib/thumb/v7-m/nofp/libg.a(lib_a-lock.o)
                0x00000000080017d0                __retarget_lock_release_recursive
 .text.__register_exitproc
                0x00000000080017d4       0x84 /usr/local/Cellar/arm-none-eabi-gcc/8-2018-q4-major/gcc/bin/../lib/gcc/arm-none-eabi/8.2.1/../../../../arm-none-eabi/lib/thumb/v7-m/nofp/libg.a(lib_a-__atexit.o)
                0x00000000080017d4                __register_exitproc
 *(.init)
 .init          0x0000000008001858        0x4 /usr/local/Cellar/arm-none-eabi-gcc/8-2018-q4-major/gcc/bin/../lib/gcc/arm-none-eabi/8.2.1/thumb/v7-m/nofp/crti.o
                0x0000000008001858                _init
 .init          0x000000000800185c        0x8 /usr/local/Cellar/arm-none-eabi-gcc/8-2018-q4-major/gcc/bin/../lib/gcc/arm-none-eabi/8.2.1/thumb/v7-m/nofp/crtn.o
 *(.fini)
 .fini          0x0000000008001864        0x4 /usr/local/Cellar/arm-none-eabi-gcc/8-2018-q4-major/gcc/bin/../lib/gcc/arm-none-eabi/8.2.1/thumb/v7-m/nofp/crti.o
                0x0000000008001864                _fini
 .fini          0x0000000008001868        0x8 /usr/local/Cellar/arm-none-eabi-gcc/8-2018-q4-major/gcc/bin/../lib/gcc/arm-none-eabi/8.2.1/thumb/v7-m/nofp/crtn.o
 *crtbegin.o(.ctors)
 *crtbegin?.o(.ctors)
 *(EXCLUDE_FILE(*crtend.o *crtend?.o) .ctors)
 *(SORT_BY_NAME(.ctors.*))
 *(.ctors)
 *crtbegin.o(.dtors)
 *crtbegin?.o(.dtors)
 *(EXCLUDE_FILE(*crtend.o *crtend?.o) .dtors)
 *(SORT_BY_NAME(.dtors.*))
 *(.dtors)
 *(.rodata*)
 .rodata        0x0000000008001870    0x13a84 build/main.o
                0x00000000080150b4                gpios
                0x00000000080150b8                gpios_modes
                0x00000000080150c0                led_table
                0x00000000080150f0                freq
                0x00000000080152f0                increment_per_hert
 .rodata._global_impure_ptr
                0x00000000080152f4        0x4 /usr/local/Cellar/arm-none-eabi-gcc/8-2018-q4-major/gcc/bin/../lib/gcc/arm-none-eabi/8.2.1/../../../../arm-none-eabi/lib/thumb/v7-m/nofp/libg.a(lib_a-impure.o)
                0x00000000080152f4                _global_impure_ptr
 *(.eh_fram e*)

.eh_frame       0x00000000080152f8        0x0
 .eh_frame      0x00000000080152f8        0x0 /usr/local/Cellar/arm-none-eabi-gcc/8-2018-q4-major/gcc/bin/../lib/gcc/arm-none-eabi/8.2.1/thumb/v7-m/nofp/crtbegin.o

.glue_7         0x00000000080152f8        0x0
 .glue_7        0x00000000080152f8        0x0 linker stubs

.glue_7t        0x00000000080152f8        0x0
 .glue_7t       0x00000000080152f8        0x0 linker stubs

.vfp11_veneer   0x00000000080152f8        0x0
 .vfp11_veneer  0x00000000080152f8        0x0 linker stubs

.v4_bx          0x00000000080152f8        0x0
 .v4_bx         0x00000000080152f8        0x0 linker stubs

.iplt           0x00000000080152f8        0x0
 .iplt          0x00000000080152f8        0x0 /usr/local/Cellar/arm-none-eabi-gcc/8-2018-q4-major/gcc/bin/../lib/gcc/arm-none-eabi/8.2.1/thumb/v7-m/nofp/crtbegin.o

.rel.dyn        0x00000000080152f8        0x0
 .rel.iplt      0x00000000080152f8        0x0 /usr/local/Cellar/arm-none-eabi-gcc/8-2018-q4-major/gcc/bin/../lib/gcc/arm-none-eabi/8.2.1/thumb/v7-m/nofp/crtbegin.o

.ARM.extab
 *(.ARM.extab* .gnu.linkonce.armextab.*)
                0x00000000080152f8                __exidx_start = .

.ARM.exidx
 *(.ARM.exidx* .gnu.linkonce.armexidx.*)
                0x00000000080152f8                __exidx_end = .
                0x00000000080152f8                __etext = .
                0x00000000080152f8                _sidata = __etext

.data           0x0000000020000000      0x440 load address 0x00000000080152f8
                0x0000000020000000                __data_start__ = .
                0x0000000020000000                _sdata = __data_start__
 *(vtable)
 *(.data*)
 .data          0x0000000020000000        0x4 build/main.o
                0x0000000020000000                size
 *fill*         0x0000000020000004        0x4 
 .data.impure_data
                0x0000000020000008      0x428 /usr/local/Cellar/arm-none-eabi-gcc/8-2018-q4-major/gcc/bin/../lib/gcc/arm-none-eabi/8.2.1/../../../../arm-none-eabi/lib/thumb/v7-m/nofp/libg.a(lib_a-impure.o)
 .data.__atexit_recursive_mutex
                0x0000000020000430        0x4 /usr/local/Cellar/arm-none-eabi-gcc/8-2018-q4-major/gcc/bin/../lib/gcc/arm-none-eabi/8.2.1/../../../../arm-none-eabi/lib/thumb/v7-m/nofp/libg.a(lib_a-__call_atexit.o)
                0x0000000020000430                __atexit_recursive_mutex
                0x0000000020000434                . = ALIGN (0x4)
                0x0000000020000434                PROVIDE (__preinit_array_start = .)
 *(.preinit_array)
                0x0000000020000434                PROVIDE (__preinit_array_end = .)
                0x0000000020000434                . = ALIGN (0x4)
                0x0000000020000434                PROVIDE (__init_array_start = .)
 *(SORT_BY_NAME(.init_array.*))
 .init_array.00000
                0x0000000020000434        0x4 /usr/local/Cellar/arm-none-eabi-gcc/8-2018-q4-major/gcc/bin/../lib/gcc/arm-none-eabi/8.2.1/../../../../arm-none-eabi/lib/thumb/v7-m/nofp/libg.a(lib_a-__call_atexit.o)
 *(.init_array)
 .init_array    0x0000000020000438        0x4 /usr/local/Cellar/arm-none-eabi-gcc/8-2018-q4-major/gcc/bin/../lib/gcc/arm-none-eabi/8.2.1/thumb/v7-m/nofp/crtbegin.o
                0x000000002000043c                PROVIDE (__init_array_end = .)
                0x000000002000043c                . = ALIGN (0x4)
                0x000000002000043c                PROVIDE (__fini_array_start = .)
 *(SORT_BY_NAME(.fini_array.*))
 *(.fini_array)
 .fini_array    0x000000002000043c        0x4 /usr/local/Cellar/arm-none-eabi-gcc/8-2018-q4-major/gcc/bin/../lib/gcc/arm-none-eabi/8.2.1/thumb/v7-m/nofp/crtbegin.o
                0x0000000020000440                PROVIDE (__fini_array_end = .)
 *(.jcr*)
                0x0000000020000440                . = ALIGN (0x4)
                0x0000000020000440                __data_end__ = .
                0x0000000020000440                _edata = __data_end__

.igot.plt       0x0000000020000440        0x0 load address 0x0000000008015738
 .igot.plt      0x0000000020000440        0x0 /usr/local/Cellar/arm-none-eabi-gcc/8-2018-q4-major/gcc/bin/../lib/gcc/arm-none-eabi/8.2.1/thumb/v7-m/nofp/crtbegin.o

.bss            0x0000000020000440      0x128 load address 0x0000000008015738
                0x0000000020000440                . = ALIGN (0x4)
                0x0000000020000440                __bss_start__ = .
                0x0000000020000440                _sbss = __bss_start__
 *(.bss*)
 .bss           0x0000000020000440       0x1c /usr/local/Cellar/arm-none-eabi-gcc/8-2018-q4-major/gcc/bin/../lib/gcc/arm-none-eabi/8.2.1/thumb/v7-m/nofp/crtbegin.o
 .bss           0x000000002000045c        0xb build/main.o
                0x000000002000045c                byte_count
                0x0000000020000460                count
                0x0000000020000464                count2
                0x0000000020000466                sustain
 *(COMMON)
 *fill*         0x0000000020000467        0x1 
 COMMON         0x0000000020000468       0xdc build/main.o
                0x0000000020000468                playedpercussion
                0x000000002000046c                drum_length
                0x0000000020000474                led_state
                0x0000000020000480                volume
                0x000000002000048c                chanused
                0x0000000020000498                increment
                0x00000000200004c8                mididata1
                0x00000000200004cc                percussion_counter
                0x00000000200004d4                playednotes
                0x00000000200004e0                percussionused
                0x00000000200004e4                counter
                0x0000000020000514                count3
                0x0000000020000515                expected_count
                0x0000000020000518                note
                0x0000000020000524                lastDebounceTime
                0x0000000020000528                drum_sample
                0x0000000020000530                chanchannel
                0x000000002000053c                midi_ready
                0x000000002000053d                manual_sustain
                0x0000000020000540                millis
 COMMON         0x0000000020000544       0x21 /usr/local/Cellar/arm-none-eabi-gcc/8-2018-q4-major/gcc/bin/../lib/gcc/arm-none-eabi/8.2.1/../../../../arm-none-eabi/lib/thumb/v7-m/nofp/libg.a(lib_a-lock.o)
                0x0000000020000544                __lock___atexit_recursive_mutex
                0x0000000020000548                __lock___arc4random_mutex
                0x000000002000054c                __lock___env_recursive_mutex
                0x0000000020000550                __lock___sinit_recursive_mutex
                0x0000000020000554                __lock___malloc_recursive_mutex
                0x0000000020000558                __lock___at_quick_exit_mutex
                0x000000002000055c                __lock___dd_hash_mutex
                0x0000000020000560                __lock___tz_mutex
                0x0000000020000564                __lock___sfp_recursive_mutex
                0x0000000020000568                . = ALIGN (0x4)
 *fill*         0x0000000020000565        0x3 
                0x0000000020000568                __bss_end__ = .
                0x0000000020000568                _ebss = __bss_end__

.heap           0x0000000020000568        0x0
                0x0000000020000568                __end__ = .
                0x0000000020000568                _end = __end__
                0x0000000020000568                end = __end__
 *(.heap*)
                0x0000000020000568                __HeapLimit = .

.co_stack       0x0000000020000568      0x400 load address 0x0000000008015860
                0x0000000020000568                . = ALIGN (0x8)
 *(.co_stack .co_stack.*)
 .co_stack      0x0000000020000568      0x400 build/startup_stm32f10x_md.o
                0x0000000020000568                pulStack
                0x0000000020005000                __StackTop = (ORIGIN (ram) + LENGTH (ram))
                0x0000000020004c00                __StackLimit = (__StackTop - SIZEOF (.co_stack))
                0x0000000020005000                PROVIDE (__stack = __StackTop)
                0x0000000000000001                ASSERT ((__StackLimit >= __HeapLimit), region ram  overflowed with stack)
OUTPUT(build/main.elf elf32-littlearm)

.ARM.attributes
                0x0000000000000000       0x29
 .ARM.attributes
                0x0000000000000000       0x1d /usr/local/Cellar/arm-none-eabi-gcc/8-2018-q4-major/gcc/bin/../lib/gcc/arm-none-eabi/8.2.1/thumb/v7-m/nofp/crti.o
 .ARM.attributes
                0x000000000000001d       0x2d /usr/local/Cellar/arm-none-eabi-gcc/8-2018-q4-major/gcc/bin/../lib/gcc/arm-none-eabi/8.2.1/thumb/v7-m/nofp/crtbegin.o
 .ARM.attributes
                0x000000000000004a       0x2d build/startup_stm32f10x_md.o
 .ARM.attributes
                0x0000000000000077       0x2d build/system_stm32f10x.o
 .ARM.attributes
                0x00000000000000a4       0x2d build/main.o
 .ARM.attributes
                0x00000000000000d1       0x1d /usr/local/Cellar/arm-none-eabi-gcc/8-2018-q4-major/gcc/bin/../lib/gcc/arm-none-eabi/8.2.1/thumb/v7-m/nofp/libgcc.a(_arm_addsubsf3.o)
 .ARM.attributes
                0x00000000000000ee       0x1d /usr/local/Cellar/arm-none-eabi-gcc/8-2018-q4-major/gcc/bin/../lib/gcc/arm-none-eabi/8.2.1/thumb/v7-m/nofp/libgcc.a(_arm_muldivsf3.o)
 .ARM.attributes
                0x000000000000010b       0x1d /usr/local/Cellar/arm-none-eabi-gcc/8-2018-q4-major/gcc/bin/../lib/gcc/arm-none-eabi/8.2.1/thumb/v7-m/nofp/libgcc.a(_arm_fixunssfsi.o)
 .ARM.attributes
                0x0000000000000128       0x2d /usr/local/Cellar/arm-none-eabi-gcc/8-2018-q4-major/gcc/bin/../lib/gcc/arm-none-eabi/8.2.1/../../../../arm-none-eabi/lib/thumb/v7-m/nofp/libg.a(lib_a-impure.o)
 .ARM.attributes
                0x0000000000000155       0x2d /usr/local/Cellar/arm-none-eabi-gcc/8-2018-q4-major/gcc/bin/../lib/gcc/arm-none-eabi/8.2.1/../../../../arm-none-eabi/lib/thumb/v7-m/nofp/libg.a(lib_a-__call_atexit.o)
 .ARM.attributes
                0x0000000000000182       0x2d /usr/local/Cellar/arm-none-eabi-gcc/8-2018-q4-major/gcc/bin/../lib/gcc/arm-none-eabi/8.2.1/../../../../arm-none-eabi/lib/thumb/v7-m/nofp/libg.a(lib_a-atexit.o)
 .ARM.attributes
                0x00000000000001af       0x2d /usr/local/Cellar/arm-none-eabi-gcc/8-2018-q4-major/gcc/bin/../lib/gcc/arm-none-eabi/8.2.1/../../../../arm-none-eabi/lib/thumb/v7-m/nofp/libg.a(lib_a-fini.o)
 .ARM.attributes
                0x00000000000001dc       0x2d /usr/local/Cellar/arm-none-eabi-gcc/8-2018-q4-major/gcc/bin/../lib/gcc/arm-none-eabi/8.2.1/../../../../arm-none-eabi/lib/thumb/v7-m/nofp/libg.a(lib_a-lock.o)
 .ARM.attributes
                0x0000000000000209       0x2d /usr/local/Cellar/arm-none-eabi-gcc/8-2018-q4-major/gcc/bin/../lib/gcc/arm-none-eabi/8.2.1/../../../../arm-none-eabi/lib/thumb/v7-m/nofp/libg.a(lib_a-__atexit.o)
 .ARM.attributes
                0x0000000000000236       0x1d /usr/local/Cellar/arm-none-eabi-gcc/8-2018-q4-major/gcc/bin/../lib/gcc/arm-none-eabi/8.2.1/thumb/v7-m/nofp/crtn.o

.comment        0x0000000000000000       0x75
 .comment       0x0000000000000000       0x75 build/startup_stm32f10x_md.o
                                         0x76 (size before relaxing)
 .comment       0x0000000000000075       0x76 build/system_stm32f10x.o
 .comment       0x0000000000000075       0x76 build/main.o

.debug_info     0x0000000000000000     0x17e0
 .debug_info    0x0000000000000000      0x11b build/startup_stm32f10x_md.o
 .debug_info    0x000000000000011b      0x4e5 build/system_stm32f10x.o
 .debug_info    0x0000000000000600     0x11e0 build/main.o

.debug_abbrev   0x0000000000000000      0x4d5
 .debug_abbrev  0x0000000000000000       0xc4 build/startup_stm32f10x_md.o
 .debug_abbrev  0x00000000000000c4      0x190 build/system_stm32f10x.o
 .debug_abbrev  0x0000000000000254      0x281 build/main.o

.debug_aranges  0x0000000000000000       0xc0
 .debug_aranges
                0x0000000000000000       0x28 build/startup_stm32f10x_md.o
 .debug_aranges
                0x0000000000000028       0x38 build/system_stm32f10x.o
 .debug_aranges
                0x0000000000000060       0x60 build/main.o

.debug_ranges   0x0000000000000000       0x90
 .debug_ranges  0x0000000000000000       0x18 build/startup_stm32f10x_md.o
 .debug_ranges  0x0000000000000018       0x28 build/system_stm32f10x.o
 .debug_ranges  0x0000000000000040       0x50 build/main.o

.debug_line     0x0000000000000000      0xd76
 .debug_line    0x0000000000000000       0x99 build/startup_stm32f10x_md.o
 .debug_line    0x0000000000000099      0x2cc build/system_stm32f10x.o
 .debug_line    0x0000000000000365      0xa11 build/main.o

.debug_str      0x0000000000000000      0x9f4
 .debug_str     0x0000000000000000      0x15c build/startup_stm32f10x_md.o
                                        0x17b (size before relaxing)
 .debug_str     0x000000000000015c      0x1f2 build/system_stm32f10x.o
                                        0x30c (size before relaxing)
 .debug_str     0x000000000000034e      0x6a6 build/main.o
                                        0x914 (size before relaxing)

.debug_frame    0x0000000000000000      0x484
 .debug_frame   0x0000000000000000       0x4c build/startup_stm32f10x_md.o
 .debug_frame   0x000000000000004c       0x98 build/system_stm32f10x.o
 .debug_frame   0x00000000000000e4      0x168 build/main.o
 .debug_frame   0x000000000000024c       0x4c /usr/local/Cellar/arm-none-eabi-gcc/8-2018-q4-major/gcc/bin/../lib/gcc/arm-none-eabi/8.2.1/thumb/v7-m/nofp/libgcc.a(_arm_addsubsf3.o)
 .debug_frame   0x0000000000000298       0x38 /usr/local/Cellar/arm-none-eabi-gcc/8-2018-q4-major/gcc/bin/../lib/gcc/arm-none-eabi/8.2.1/thumb/v7-m/nofp/libgcc.a(_arm_muldivsf3.o)
 .debug_frame   0x00000000000002d0       0x24 /usr/local/Cellar/arm-none-eabi-gcc/8-2018-q4-major/gcc/bin/../lib/gcc/arm-none-eabi/8.2.1/thumb/v7-m/nofp/libgcc.a(_arm_fixunssfsi.o)
 .debug_frame   0x00000000000002f4       0x5c /usr/local/Cellar/arm-none-eabi-gcc/8-2018-q4-major/gcc/bin/../lib/gcc/arm-none-eabi/8.2.1/../../../../arm-none-eabi/lib/thumb/v7-m/nofp/libg.a(lib_a-__call_atexit.o)
 .debug_frame   0x0000000000000350       0x20 /usr/local/Cellar/arm-none-eabi-gcc/8-2018-q4-major/gcc/bin/../lib/gcc/arm-none-eabi/8.2.1/../../../../arm-none-eabi/lib/thumb/v7-m/nofp/libg.a(lib_a-atexit.o)
 .debug_frame   0x0000000000000370       0x34 /usr/local/Cellar/arm-none-eabi-gcc/8-2018-q4-major/gcc/bin/../lib/gcc/arm-none-eabi/8.2.1/../../../../arm-none-eabi/lib/thumb/v7-m/nofp/libg.a(lib_a-fini.o)
 .debug_frame   0x00000000000003a4       0xb0 /usr/local/Cellar/arm-none-eabi-gcc/8-2018-q4-major/gcc/bin/../lib/gcc/arm-none-eabi/8.2.1/../../../../arm-none-eabi/lib/thumb/v7-m/nofp/libg.a(lib_a-lock.o)
 .debug_frame   0x0000000000000454       0x30 /usr/local/Cellar/arm-none-eabi-gcc/8-2018-q4-major/gcc/bin/../lib/gcc/arm-none-eabi/8.2.1/../../../../arm-none-eabi/lib/thumb/v7-m/nofp/libg.a(lib_a-__atexit.o)
